
SHIVANG RANA@DESKTOP-M4RDVEC MINGW64 ~
$ cd d:

SHIVANG RANA@DESKTOP-M4RDVEC MINGW64 /d
$ cd
$RECYCLE.BIN/              Uploads/
2021/                      WUDownloadCache/
AdventureWorks2022.bak     WindowsApps/
Angular/                   Work/
Code/                      WpSystem/
Data (D) - Shortcut.lnk    books/
DumpStack.log.tmp          daily/
Files to be Updated/       daily.rar
Files to be Updated.rar    documents/
Frontend/                  files.rar
Image                      node/
Installed Tools/           offer letter/
Program Files/             photomigration.sql
Questions.xml              sharepoint.bak
RestApi/                   test/
Ritu Docs/                 tikaj-docs/
Ritu-Learn.txt             to learn.txt
SteamLibrary/              tools/
System Volume Information/ updates.rar
TIkaj-Projects/

SHIVANG RANA@DESKTOP-M4RDVEC MINGW64 /d
$ cd
$RECYCLE.BIN/              Uploads/
2021/                      WUDownloadCache/
AdventureWorks2022.bak     WindowsApps/
Angular/                   Work/
Code/                      WpSystem/
Data (D) - Shortcut.lnk    books/
DumpStack.log.tmp          daily/
Files to be Updated/       daily.rar
Files to be Updated.rar    documents/
Frontend/                  files.rar
Image                      node/
Installed Tools/           offer letter/
Program Files/             photomigration.sql
Questions.xml              sharepoint.bak
RestApi/                   test/
Ritu Docs/                 tikaj-docs/
Ritu-Learn.txt             to learn.txt
SteamLibrary/              tools/
System Volume Information/ updates.rar
TIkaj-Projects/

SHIVANG RANA@DESKTOP-M4RDVEC MINGW64 /d
$ cd
$RECYCLE.BIN/              Uploads/
2021/                      WUDownloadCache/
AdventureWorks2022.bak     WindowsApps/
Angular/                   Work/
Code/                      WpSystem/
Data (D) - Shortcut.lnk    books/
DumpStack.log.tmp          daily/
Files to be Updated/       daily.rar
Files to be Updated.rar    documents/
Frontend/                  files.rar
Image                      node/
Installed Tools/           offer letter/
Program Files/             photomigration.sql
Questions.xml              sharepoint.bak
RestApi/                   test/
Ritu Docs/                 tikaj-docs/
Ritu-Learn.txt             to learn.txt
SteamLibrary/              tools/
System Volume Information/ updates.rar
TIkaj-Projects/

SHIVANG RANA@DESKTOP-M4RDVEC MINGW64 /d
$ cd
$RECYCLE.BIN/              Uploads/
2021/                      WUDownloadCache/
AdventureWorks2022.bak     WindowsApps/
Angular/                   Work/
Code/                      WpSystem/
Data (D) - Shortcut.lnk    books/
DumpStack.log.tmp          daily/
Files to be Updated/       daily.rar
Files to be Updated.rar    documents/
Frontend/                  files.rar
Image                      node/
Installed Tools/           offer letter/
Program Files/             photomigration.sql
Questions.xml              sharepoint.bak
RestApi/                   test/
Ritu Docs/                 tikaj-docs/
Ritu-Learn.txt             to learn.txt
SteamLibrary/              tools/
System Volume Information/ updates.rar
TIkaj-Projects/

SHIVANG RANA@DESKTOP-M4RDVEC MINGW64 /d
$ cd
$RECYCLE.BIN/              Uploads/
2021/                      WUDownloadCache/
AdventureWorks2022.bak     WindowsApps/
Angular/                   Work/
Code/                      WpSystem/
Data (D) - Shortcut.lnk    books/
DumpStack.log.tmp          daily/
Files to be Updated/       daily.rar
Files to be Updated.rar    documents/
Frontend/                  files.rar
Image                      node/
Installed Tools/           offer letter/
Program Files/             photomigration.sql
Questions.xml              sharepoint.bak
RestApi/                   test/
Ritu Docs/                 tikaj-docs/
Ritu-Learn.txt             to learn.txt
SteamLibrary/              tools/
System Volume Information/ updates.rar
TIkaj-Projects/

SHIVANG RANA@DESKTOP-M4RDVEC MINGW64 /d
$ cd
$RECYCLE.BIN/              Uploads/
2021/                      WUDownloadCache/
AdventureWorks2022.bak     WindowsApps/
Angular/                   Work/
Code/                      WpSystem/
Data (D) - Shortcut.lnk    books/
DumpStack.log.tmp          daily/
Files to be Updated/       daily.rar
Files to be Updated.rar    documents/
Frontend/                  files.rar
Image                      node/
Installed Tools/           offer letter/
Program Files/             photomigration.sql
Questions.xml              sharepoint.bak
RestApi/                   test/
Ritu Docs/                 tikaj-docs/
Ritu-Learn.txt             to learn.txt
SteamLibrary/              tools/
System Volume Information/ updates.rar
TIkaj-Projects/

SHIVANG RANA@DESKTOP-M4RDVEC MINGW64 /d
$ cd cd Frontend/
bash: cd: too many arguments

SHIVANG RANA@DESKTOP-M4RDVEC MINGW64 /d
$ echo "# Learning" >> README.md

SHIVANG RANA@DESKTOP-M4RDVEC MINGW64 /d
$ cd..
bash: cd..: command not found

SHIVANG RANA@DESKTOP-M4RDVEC MINGW64 /d
$ mkdir
mkdir: missing operand
Try 'mkdir --help' for more information.

SHIVANG RANA@DESKTOP-M4RDVEC MINGW64 /d
$ mkdir Learning

SHIVANG RANA@DESKTOP-M4RDVEC MINGW64 /d
$ cd Learning/

SHIVANG RANA@DESKTOP-M4RDVEC MINGW64 /d/Learning
$ git init
Initialized empty Git repository in D:/Learning/.git/

SHIVANG RANA@DESKTOP-M4RDVEC MINGW64 /d/Learning (master)
$ echo "# Learning" >> README.md

SHIVANG RANA@DESKTOP-M4RDVEC MINGW64 /d/Learning (master)
$ git add .
warning: in the working copy of 'README.md', LF will be replaced by CRLF the next time Git touches it

SHIVANG RANA@DESKTOP-M4RDVEC MINGW64 /d/Learning (master)
$ git commit -m "initial commit"
[master (root-commit) 819fcfd] initial commit
 2 files changed, 1 insertion(+)
 create mode 100644 Learning Path.txt
 create mode 100644 README.md

SHIVANG RANA@DESKTOP-M4RDVEC MINGW64 /d/Learning (master)
$ git remote add origin https://github.com/shivangrana123/Frontend-Expert.git

SHIVANG RANA@DESKTOP-M4RDVEC MINGW64 /d/Learning (master)
$ git push -u origin master
Enumerating objects: 4, done.
Counting objects: 100% (4/4), done.
Delta compression using up to 8 threads
Compressing objects: 100% (2/2), done.
Writing objects: 100% (4/4), 279 bytes | 279.00 KiB/s, done.
Total 4 (delta 0), reused 0 (delta 0), pack-reused 0 (from 0)
remote:
remote: Create a pull request for 'master' on GitHub by visiting:
remote:      https://github.com/shivangrana123/Frontend-Expert/pull/new/master
remote:
To https://github.com/shivangrana123/Frontend-Expert.git
 * [new branch]      master -> master
branch 'master' set up to track 'origin/master'.

SHIVANG RANA@DESKTOP-M4RDVEC MINGW64 /d/Learning (master)
$
